// 重构日志: f2ecad14
// 重构日志: 14483d17
// 重构日志: 8456af40
// 重构日志: dcd12cce
// 重构日志: 20b2b3f9
// 重构日志: b08f22bc
// 同步 ID: d76d371a @ Wed Jul 15 16:06:35 UTC 2026
// 重构日志: 00f770f9
// 同步 ID: a737b551 @ Sat Jul 18 08:38:16 UTC 2026
// 同步 ID: a9267377 @ Sat Jul 18 14:05:50 UTC 2026
// 同步 ID: 2ca9ce6a @ Sun Jul 19 05:24:33 UTC 2026
// 重构日志: 1b0b447c
// 同步 ID: 3bf15b94 @ Mon Jul 20 16:27:16 UTC 2026
// 重构日志: d519f7e4
// 重构日志: 0cd186bb
// 重构日志: 26b49d3c
// 重构日志: 29a77d28
// 重构日志: a51bf6b5
// 重构日志: 8100c4e1
// 重构日志: e753bc66
// 同步 ID: 14bedf8f @ Sat Jul 25 08:31:08 UTC 2026
// 重构日志: 2210d942
// 重构日志: 4165e834
// 同步 ID: fce81b0a @ Sun Jul 26 12:39:36 UTC 2026
// 同步 ID: 6a169992 @ Sun Jul 26 16:02:01 UTC 2026
// 同步 ID: e03acae5 @ Sun Jul 26 17:43:20 UTC 2026
// 重构日志: 5c6107b5
// 重构日志: 1982d1f7
// 重构日志: cf7d0f1d
// 同步 ID: 34cf9ab2 @ Wed Jul 29 20:45:05 UTC 2026
// 重构日志: 8f56ba62
